export const snapshot = {};

snapshot[`should be able to get version 1`] = `"14.23.1"`;
