export const snapshot = {};

snapshot[`should be able to get version 1`] = `"15.1.1"`;
